Drill report for MiniAB-CAN-Board.kicad_pcb
Created on Fri Mar  4 12:47:46 2022

Copper Layer Stackup:
    =============================================================
    L1 :  Front                     front
    L2 :  In1.Cu                    in1
    L3 :  In2.Cu                    in2
    L4 :  Back                      back


Drill file 'MiniAB-CAN-Board.drl' contains
    plated through holes:
    =============================================================
    T1  0.200mm  0.0079"  (195 holes)
    T2  0.500mm  0.0197"  (34 holes)  (with 2 slots)
    T3  0.550mm  0.0217"  (2 holes)  (with 2 slots)
    T4  0.650mm  0.0256"  (5 holes)
    T5  0.750mm  0.0295"  (24 holes)
    T6  1.020mm  0.0402"  (6 holes)
    T7  3.200mm  0.1260"  (4 holes)

    Total plated holes count 270


Not plated through holes are merged with plated holes
    unplated through holes:
    =============================================================
    T8  3.000mm  0.1181"  (2 holes)

    Total unplated holes count 2
